// Jest Snapshot v1, https://goo.gl/fbAQLP

exports[`displays a list of captured pokemons 1`] = `
<section
  className="captured-pokemons"
>
  <CapturedPokemon
    handleOnClick={[Function]}
    key="54"
    pokemon={
      Pokemon {
        "id": 54,
        "name": "psyduck",
        "sprite": "https://someUrl/someImage.png",
        "type": "water",
      }
    }
  />
  <CapturedPokemon
    handleOnClick={[Function]}
    key="1"
    pokemon={
      Pokemon {
        "id": 1,
        "name": "balbusaur",
        "sprite": "https://someUrl/someOtherImage.png",
        "type": "poison",
      }
    }
  />
</section>
`;
